[gfxpartner.com/Frolic/index04b9.html]
[backblue.gif]
[fade.gif]
[index.html]
[gfxpartner.com/Frolic/ico/apple-touch-icon-144-precomposed.png]
[gfxpartner.com/Frolic/ico/apple-touch-icon-114-precomposed.png]
[gfxpartner.com/Frolic/ico/apple-touch-icon-72-precomposed.png]
[gfxpartner.com/Frolic/ico/apple-touch-icon-57-precomposed.png]
[gfxpartner.com/Frolic/ico/favicon.png]
[gfxpartner.com/Frolic/css/swiper.min.css]
[gfxpartner.com/Frolic/css/daterangepicker.css]
[cdnjs.cloudflare.com/ajax/libs/font-awesome/4.7.0/css/font-awesome.css]
[stackpath.bootstrapcdn.com/bootstrap/4.4.1/css/bootstrap.min.css]
[gfxpartner.com/Frolic/css/style.css]
[gfxpartner.com/Frolic/index.html]
[gfxpartner.com/Frolic/images/logo-light.png]
[gfxpartner.com/Frolic/index-denmark.html]
[gfxpartner.com/Frolic/index-norway.html]
[gfxpartner.com/Frolic/index-finland.html]
[gfxpartner.com/Frolic/index-sweden.html]
[gfxpartner.com/Frolic/index-iceland.html]
[gfxpartner.com/Frolic/tours-grid.html]
[gfxpartner.com/Frolic/tours-list.html]
[gfxpartner.com/Frolic/tours-single.html]
[gfxpartner.com/Frolic/about-us.html]
[gfxpartner.com/Frolic/our-team.html]
[gfxpartner.com/Frolic/blog-grid.html]
[gfxpartner.com/Frolic/blog-list.html]
[gfxpartner.com/Frolic/blog-single.html]
[gfxpartner.com/Frolic/attractions-4cols.html]
[gfxpartner.com/Frolic/attractions-3cols.html]
[gfxpartner.com/Frolic/attractions-2cols.html]
[gfxpartner.com/Frolic/attractions-single.html]
[gfxpartner.com/Frolic/passengers.html]
[gfxpartner.com/Frolic/booking.html]
[gfxpartner.com/Frolic/summary.html]
[gfxpartner.com/Frolic/payment.html]
[gfxpartner.com/Frolic/contact.html]
[gfxpartner.com/Frolic/images/slide01.jpg]
[gfxpartner.com/Frolic/images/arrow-link.png]
[gfxpartner.com/Frolic/images/slide02.jpg]
[gfxpartner.com/Frolic/images/slide03.jpg]
[gfxpartner.com/Frolic/images/slide04.jpg]
[gfxpartner.com/Frolic/images/title-seperator.png]
[gfxpartner.com/Frolic/images/tour-thumb01.jpg]
[gfxpartner.com/Frolic/images/icon-date.png]
[gfxpartner.com/Frolic/images/icon-time.png]
[gfxpartner.com/Frolic/images/icon-tag.png]
[gfxpartner.com/Frolic/images/tour-thumb02.jpg]
[gfxpartner.com/Frolic/images/tour-thumb03.jpg]
[gfxpartner.com/Frolic/images/tour-thumb04.jpg]
[gfxpartner.com/Frolic/images/tour-thumb05.jpg]
[gfxpartner.com/Frolic/images/tour-thumb06.jpg]
[gfxpartner.com/Frolic/images/attractions01-3x.jpg]
[gfxpartner.com/Frolic/images/attractions02-3x.jpg]
[gfxpartner.com/Frolic/images/attractions03-3x.jpg]
[gfxpartner.com/Frolic/images/attractions04-3x.jpg]
[gfxpartner.com/Frolic/images/attractions05-3x.jpg]
[gfxpartner.com/Frolic/images/attractions06-3x.jpg]
[gfxpartner.com/Frolic/images/guide01.png]
[gfxpartner.com/Frolic/images/guide02.png]
[gfxpartner.com/Frolic/images/guide03.png]
[gfxpartner.com/Frolic/images/guide04.png]
[gfxpartner.com/Frolic/images/guide05.png]
[gfxpartner.com/Frolic/images/guide06.png]
[gfxpartner.com/Frolic/images/blog-thumb01.jpg]
[gfxpartner.com/Frolic/images/blog-thumb02.jpg]
[gfxpartner.com/Frolic/images/blog-thumb03.jpg]
[gfxpartner.com/Frolic/images/quote-bg01.jpg]
[gfxpartner.com/cdn-cgi/scripts/5c5dd728/cloudflare-static/email-decode.min.js]
[code.jquery.com/jquery-3.4.1.min.js]
[cdnjs.cloudflare.com/ajax/libs/moment.js/2.24.0/moment.min.js]
[cdn.jsdelivr.net/npm/daterangepicker/daterangepicker.min.js]
[cdn.jsdelivr.net/npm/popper.js@1.16.0/dist/umd/popper.min.js]
[stackpath.bootstrapcdn.com/bootstrap/4.4.1/js/bootstrap.min.js]
[gfxpartner.com/Frolic/js/swiper.min.js]
[cdnjs.cloudflare.com/ajax/libs/wow/1.1.2/wow.min.js]
[cdnjs.cloudflare.com/ajax/libs/odometer.js/0.4.8/odometer.min.js]
[gfxpartner.com/Frolic/index04b9.html]
[gfxpartner.com/Frolic/css/swiper.min.css]
[gfxpartner.com/Frolic/js/scripts.js]
[gfxpartner.com/Frolic/images/caret.png]
[gfxpartner.com/Frolic/css/daterangepicker.css]
[cdnjs.cloudflare.com/ajax/libs/font-awesome/4.7.0/css/font-awesome.css]
[stackpath.bootstrapcdn.com/bootstrap/4.4.1/css/bootstrap.min.css]
[gfxpartner.com/Frolic/images/arrow-link-hover.png]
[gfxpartner.com/Frolic/images/video-bg.jpg]
[gfxpartner.com/Frolic/images/arrow-link-2x.png]
[gfxpartner.com/Frolic/images/arrow-link-2x-hover.png]
[gfxpartner.com/Frolic/images/arrow-left-hover.png]
[gfxpartner.com/Frolic/images/arrow-left.png]
[gfxpartner.com/Frolic/images/arrow-right-hover.png]
[gfxpartner.com/Frolic/images/arrow-right.png]
[gfxpartner.com/Frolic/images/newsletter-bg01.jpg]
[gfxpartner.com/Frolic/images/quote.png]
[gfxpartner.com/Frolic/images/icon-check.svg]
[gfxpartner.com/Frolic/images/plane-blue.png]
[gfxpartner.com/Frolic/images/plane-orange.png]
[gfxpartner.com/Frolic/images/plane.png]
[gfxpartner.com/Frolic/images/plane-left.png]
[gfxpartner.com/Frolic/css/style.css]
[gfxpartner.com/Frolic/index.html]
[gfxpartner.com/Frolic/index-denmark.html]
[gfxpartner.com/Frolic/images/destination01.jpg]
[gfxpartner.com/Frolic/images/flag-denmark.jpg]
[gfxpartner.com/Frolic/images/destination02.jpg]
[gfxpartner.com/Frolic/images/flag-iceland.jpg]
[gfxpartner.com/Frolic/images/destination03.jpg]
[gfxpartner.com/Frolic/images/flag-france.jpg]
[gfxpartner.com/Frolic/images/destination04.jpg]
[gfxpartner.com/Frolic/images/flag-germany.jpg]
[gfxpartner.com/Frolic/images/history01.jpg]
[gfxpartner.com/Frolic/images/history02.jpg]
[gfxpartner.com/Frolic/images/history03.jpg]
[gfxpartner.com/Frolic/images/quote-bg05.jpg]
[gfxpartner.com/Frolic/index-norway.html]
[cdnjs.cloudflare.com/ajax/libs/odometer.js/0.4.8/themes/odometer-theme-default.min.css]
[gfxpartner.com/Frolic/images/intro-icon01.png]
[gfxpartner.com/Frolic/images/intro-icon02.png]
[gfxpartner.com/Frolic/images/intro-icon03.png]
[gfxpartner.com/Frolic/images/intro-icon04.png]
[gfxpartner.com/Frolic/images/attractions01.jpg]
[gfxpartner.com/Frolic/images/attractions02.jpg]
[gfxpartner.com/Frolic/images/attractions03.jpg]
[gfxpartner.com/Frolic/images/attractions04.jpg]
[gfxpartner.com/Frolic/images/attractions05.jpg]
[gfxpartner.com/Frolic/images/attractions06.jpg]
[gfxpartner.com/Frolic/images/attractions07.jpg]
[gfxpartner.com/Frolic/images/attractions08.jpg]
[gfxpartner.com/Frolic/images/attractions09.jpg]
[gfxpartner.com/Frolic/images/team01.png]
[gfxpartner.com/Frolic/images/team02.png]
[gfxpartner.com/Frolic/images/team03.png]
[gfxpartner.com/Frolic/images/team04.png]
[gfxpartner.com/Frolic/images/team05.png]
[gfxpartner.com/Frolic/images/team06.png]
[gfxpartner.com/Frolic/images/team07.png]
[gfxpartner.com/Frolic/images/team08.png]
[gfxpartner.com/Frolic/index-finland.html]
[gfxpartner.com/Frolic/images/attractions-icon01.jpg]
[gfxpartner.com/Frolic/images/attractions-icon02.jpg]
[gfxpartner.com/Frolic/images/attractions-icon03.jpg]
[gfxpartner.com/Frolic/images/attractions-icon04.jpg]
[gfxpartner.com/Frolic/images/attractions-icon05.jpg]
[gfxpartner.com/Frolic/images/attractions-icon06.jpg]
[gfxpartner.com/Frolic/images/attractions-icon07.jpg]
[gfxpartner.com/Frolic/images/attractions-icon08.jpg]
[gfxpartner.com/Frolic/images/attractions-icon09.jpg]
[gfxpartner.com/Frolic/images/attractions-icon10.jpg]
[gfxpartner.com/Frolic/index-sweden.html]
[gfxpartner.com/Frolic/images/slide05.jpg]
[gfxpartner.com/Frolic/index-iceland.html]
[gfxpartner.com/Frolic/images/logo-dark.png]
[gfxpartner.com/Frolic/images/tour-thumb07.jpg]
[gfxpartner.com/Frolic/images/tour-thumb08.jpg]
[gfxpartner.com/Frolic/images/tour-thumb09.jpg]
[gfxpartner.com/Frolic/images/quote-bg03.jpg]
[gfxpartner.com/Frolic/tours-grid.html]
[gfxpartner.com/Frolic/images/quote-bg04.jpg]
[gfxpartner.com/Frolic/tours-list.html]
[gfxpartner.com/Frolic/images/tour-image.jpg]
[gfxpartner.com/Frolic/images/overview-icon01.png]
[gfxpartner.com/Frolic/images/overview-icon02.png]
[gfxpartner.com/Frolic/images/overview-icon03.png]
[gfxpartner.com/Frolic/images/overview-icon04.png]
[gfxpartner.com/Frolic/images/overview-icon05.png]
[gfxpartner.com/Frolic/images/overview-icon06.png]
[gfxpartner.com/Frolic/images/overview-icon07.png]
[gfxpartner.com/Frolic/images/overview-icon08.png]
[gfxpartner.com/Frolic/images/tour-feature-icon01.png]
[gfxpartner.com/Frolic/images/title-blue-separator.png]
[gfxpartner.com/Frolic/images/tour-feature-icon02.png]
[gfxpartner.com/Frolic/images/tour-feature-icon03.png]
[gfxpartner.com/Frolic/images/title-green-separator.png]
[gfxpartner.com/Frolic/images/relatedblog_thumb01.jpg]
[gfxpartner.com/Frolic/images/relatedblog_thumb02.jpg]
[gfxpartner.com/Frolic/images/relatedblog_thumb03.jpg]
[gfxpartner.com/Frolic/images/relatedblog_thumb04.jpg]
[cdn.jsdelivr.net/momentjs/latest/moment.min.js]
[gfxpartner.com/Frolic/js/googlemaps.min.js]
[gfxpartner.com/Frolic/tours-single.html]
[gfxpartner.com/Frolic/js/route-map.js]
[gfxpartner.com/Frolic/images/milestone01.png]
[gfxpartner.com/Frolic/images/milestone02.png]
[gfxpartner.com/Frolic/images/milestone03.png]
[gfxpartner.com/Frolic/images/milestone04.png]
[gfxpartner.com/Frolic/images/quote-bg02.jpg]
[gfxpartner.com/Frolic/about-us.html]
[gfxpartner.com/Frolic/images/team-hero.jpg]
[gfxpartner.com/Frolic/images/guide07.png]
[gfxpartner.com/Frolic/images/guide08.png]
[gfxpartner.com/Frolic/images/guide09.png]
[gfxpartner.com/Frolic/images/guide10.png]
[gfxpartner.com/Frolic/images/guide11.png]
[gfxpartner.com/Frolic/images/guide12.png]
[gfxpartner.com/Frolic/images/guide13.png]
[gfxpartner.com/Frolic/images/guide14.png]
[gfxpartner.com/Frolic/images/guide15.png]
[gfxpartner.com/Frolic/images/guide16.png]
[gfxpartner.com/Frolic/our-team.html]
[gfxpartner.com/Frolic/images/blog-thumb04.jpg]
[gfxpartner.com/Frolic/images/blog-thumb05.jpg]
[gfxpartner.com/Frolic/images/blog-thumb06.jpg]
[gfxpartner.com/Frolic/images/blog-thumb07.jpg]
[gfxpartner.com/Frolic/images/blog-thumb08.jpg]
[gfxpartner.com/Frolic/images/blog-thumb09.jpg]
[gfxpartner.com/Frolic/images/blog-thumb10.jpg]
[gfxpartner.com/Frolic/images/blog-thumb11.jpg]
[gfxpartner.com/Frolic/images/blog-thumb12.jpg]
[gfxpartner.com/Frolic/blog-grid.html]
[gfxpartner.com/Frolic/blog-list.html]
[gfxpartner.com/Frolic/images/blog-hero-image.jpg]
[gfxpartner.com/Frolic/images/blog-carousel01.jpg]
[gfxpartner.com/Frolic/images/blog-carousel02.jpg]
[gfxpartner.com/Frolic/images/blog-carousel03.jpg]
[gfxpartner.com/Frolic/blog-single.html]
[gfxpartner.com/Frolic/images/attractions-hero-1x.jpg]
[gfxpartner.com/Frolic/images/attractions10.jpg]
[gfxpartner.com/Frolic/images/attractions11.jpg]
[gfxpartner.com/Frolic/images/attractions12.jpg]
[gfxpartner.com/Frolic/images/attractions13.jpg]
[gfxpartner.com/Frolic/images/attractions14.jpg]
[gfxpartner.com/Frolic/images/attractions15.jpg]
[gfxpartner.com/Frolic/images/attractions16.jpg]
[gfxpartner.com/Frolic/attractions-4cols.html]
[gfxpartner.com/Frolic/images/attractions-hero-2x.jpg]
[gfxpartner.com/Frolic/images/attractions01-2x.jpg]
[gfxpartner.com/Frolic/images/attractions02-2x.jpg]
[gfxpartner.com/Frolic/images/attractions03-2x.jpg]
[gfxpartner.com/Frolic/images/attractions04-2x.jpg]
[gfxpartner.com/Frolic/images/attractions05-2x.jpg]
[gfxpartner.com/Frolic/images/attractions06-2x.jpg]
[gfxpartner.com/Frolic/images/attractions07-2x.jpg]
[gfxpartner.com/Frolic/images/attractions08-2x.jpg]
[gfxpartner.com/Frolic/images/attractions09-2x.jpg]
[gfxpartner.com/Frolic/images/attractions10-2x.jpg]
[gfxpartner.com/Frolic/images/attractions11-2x.jpg]
[gfxpartner.com/Frolic/images/attractions12-2x.jpg]
[gfxpartner.com/Frolic/attractions-3cols.html]
[gfxpartner.com/Frolic/images/attractions-hero-3x.jpg]
[gfxpartner.com/Frolic/attractions-2cols.html]
[gfxpartner.com/Frolic/images/attractions-hero.jpg]
[gfxpartner.com/Frolic/images/attraction-carousel01.jpg]
[gfxpartner.com/Frolic/images/attraction-carousel02.jpg]
[gfxpartner.com/Frolic/images/attraction-carousel03.jpg]
[gfxpartner.com/Frolic/attractions-single.html]
[gfxpartner.com/Frolic/passengers.html]
[gfxpartner.com/Frolic/booking.html]
[gfxpartner.com/Frolic/images/summary-thumb.jpg]
[gfxpartner.com/Frolic/summary.html]
[gfxpartner.com/Frolic/payment.html]
[gfxpartner.com/Frolic/images/contact-hero.jpg]
[gfxpartner.com/Frolic/images/contact-icon1.png]
[gfxpartner.com/Frolic/images/contact-icon2.png]
[gfxpartner.com/Frolic/images/contact-icon3.png]
[gfxpartner.com/Frolic/images/contact-icon4.png]
[gfxpartner.com/Frolic/images/office01.jpg]
[gfxpartner.com/Frolic/images/office02.jpg]
[gfxpartner.com/Frolic/images/office03.jpg]
[gfxpartner.com/Frolic/images/office04.jpg]
[gfxpartner.com/Frolic/contact.html]
[gfxpartner.com/Frolic/js/swiper.min.js]
[gfxpartner.com/Frolic/js/scripts.js]
[gfxpartner.com/Frolic/images/icon-check.svg]
[cdnjs.cloudflare.com/ajax/libs/odometer.js/0.4.8/themes/odometer-theme-default.min.css]
[gfxpartner.com/Frolic/js/googlemaps.min.js]
[gfxpartner.com/Frolic/js/route-map.js]
[gfxpartner.com/Frolic/Version/index.html]
[gfxpartner.com/Frolic/version/index-2.html]
[gfxpartner.com/wp-content/plugins/under-construction-page/themes/css/bootstrap.mine25b.css]
[gfxpartner.com/wp-content/plugins/under-construction-page/themes/css/commone25b.css]
[gfxpartner.com/wp-content/plugins/under-construction-page/themes/mad_designer/stylee25b.css]
[gfxpartner.com/wp-content/plugins/under-construction-page/themes/css/font-awesome.mine25b.css]
[gfxpartner.com/wp-content/plugins/under-construction-page/themes/images/favicon.png]
[gfxpartner.com/wp-content/plugins/under-construction-page/themes/mad_designer/mad-designer.png]
[gfxpartner.com/Frolic/Version/index.html]
[gfxpartner.com/Frolic/version/index-2.html]
[gfxpartner.com/wp-content/plugins/under-construction-page/themes/css/bootstrap.mine25b.css]
[gfxpartner.com/wp-content/plugins/under-construction-page/themes/css/commone25b.css]
[gfxpartner.com/wp-content/plugins/under-construction-page/themes/mad_designer/stylee25b.css]
[gfxpartner.com/wp-content/plugins/under-construction-page/themes/css/font-awesome.mine25b.css]
